// Vitest Snapshot v1

exports[`preprocess-react > should process <react:component> tags 1`] = `
"<script>import sveltifyReact from \\"svelte-preprocess-react/sveltifyReact18\\";
  // @ts-nocheck
  let count = 1;
const React$Counter = sveltifyReact(Counter);</script>

<React$Counter
  {count}
  onCount={(next) => {
    count = next;
  }}
/>
"
`;
